// Jest Snapshot v1, https://goo.gl/fbAQLP

exports[`<AddProduct /> should render and match the snapshot 1`] = `
<div
  class="sc-jSMfEi eqXpYH"
>
  <div
    class="spinner-border text-primary"
    role="status"
  >
    <span
      class="visually-hidden"
    >
      Loading...
    </span>
  </div>
</div>
`;

exports[`<AddProduct /> should render error modal and match shanpshot 1`] = `
<div
  class="sc-jSMfEi eqXpYH"
>
  <div
    class="spinner-border text-primary"
    role="status"
  >
    <span
      class="visually-hidden"
    >
      Loading...
    </span>
  </div>
</div>
`;
