// Jest Snapshot v1, https://goo.gl/fbAQLP

exports[`<ArticlesContainer /> should render and match the snapshot 1`] = `
<div>
  <header
    class="sc-hKMtZM hMjKjB"
  >
    <div
      class="container"
    >
      <div
        class="row"
      >
        <div
          class="col"
        >
          <img
            alt="logo"
            class="sc-dkzDqf ineiPS"
            src="sample-logo.png"
          />
        </div>
        <div
          class="col"
        >
          <nav
            class="sc-eCYdqJ fiquXb"
          >
            <a
              href="/"
            >
              Home
            </a>
            <a
              href="/sales"
            >
              Sales
            </a>
            <a
              href="/articles"
            >
              Articles
            </a>
          </nav>
        </div>
      </div>
    </div>
  </header>
  <div
    class="container"
  >
    <div
      class="row"
    >
      <div
        class="col"
      >
        <div
          class="sc-jSMfEi hIJlZu"
        />
      </div>
    </div>
  </div>
  <div
    class="sc-iBkjds gwzIYY"
  >
    <div
      class="spinner-border text-primary"
      role="status"
    >
      <span
        class="visually-hidden"
      >
        Loading...
      </span>
    </div>
  </div>
</div>
`;

exports[`<ArticlesContainer /> should render error modal and match shanpshot 1`] = `
<div>
  <header
    class="sc-hKMtZM hMjKjB"
  >
    <div
      class="container"
    >
      <div
        class="row"
      >
        <div
          class="col"
        >
          <img
            alt="logo"
            class="sc-dkzDqf ineiPS"
            src="sample-logo.png"
          />
        </div>
        <div
          class="col"
        >
          <nav
            class="sc-eCYdqJ fiquXb"
          >
            <a
              href="/"
            >
              Home
            </a>
            <a
              href="/sales"
            >
              Sales
            </a>
            <a
              href="/articles"
            >
              Articles
            </a>
          </nav>
        </div>
      </div>
    </div>
  </header>
  <div
    class="container"
  >
    <div
      class="row"
    >
      <div
        class="col"
      >
        <div
          class="sc-jSMfEi hIJlZu"
        />
      </div>
    </div>
  </div>
  <div
    class="sc-iBkjds gwzIYY"
  >
    <div
      class="spinner-border text-primary"
      role="status"
    >
      <span
        class="visually-hidden"
      >
        Loading...
      </span>
    </div>
  </div>
</div>
`;
