// Jest Snapshot v1, https://goo.gl/fbAQLP

exports[`AddProduct Should render and match snapshot 1`] = `
<div>
  <div
    class="sc-bczRLJ bnSDpG"
  >
    <span>
      Add Product
    </span>
  </div>
</div>
`;
