// Jest Snapshot v1, https://goo.gl/fbAQLP

exports[`ProductComponent Should render and match snapshot 1`] = `
<div>
  <div
    class="sc-bczRLJ ezRxsp"
  >
    Dining Chair
  </div>
</div>
`;
